// Jest Snapshot v1, https://goo.gl/fbAQLP

exports[`Card matches the snapshot 1`] = `
ShallowWrapper {
  Symbol(enzyme.__root__): [Circular],
  Symbol(enzyme.__unrendered__): <Card
    cardData={
      Object {
        "favorite": false,
        "homeworld": "Tatooine",
        "name": "Luke",
        "residents": Array [
          "Leia",
          "Lando",
          "Dave",
        ],
      }
    }
  />,
  Symbol(enzyme.__renderer__): Object {
    "batchedUpdates": [Function],
    "getNode": [Function],
    "render": [Function],
    "simulateError": [Function],
    "simulateEvent": [Function],
    "unmount": [Function],
  },
  Symbol(enzyme.__node__): Object {
    "instance": null,
    "key": undefined,
    "nodeType": "host",
    "props": Object {
      "children": Array [
        <div
          className="image-container"
        >
          <div
            className="favorite-btn"
            onClick={[Function]}
          >
            <img
              alt="star"
              className="star"
              src="[object Object]"
            />
          </div>
          <img
            alt="Luke"
            className="character-pic"
            src="undefined"
          />
        </div>,
        <div
          className="card-info"
        >
          <h4
            className="character-name"
          >
            LUKE
          </h4>
          <ul>
            
            <li>
              <span>
                homeworld
              </span>
               
              Tatooine
            </li>
            <li>
              <span>
                residents
              </span>
               
              Leia, Lando, Dave
            </li>
            
          </ul>
        </div>,
      ],
      "className": "card",
    },
    "ref": null,
    "rendered": Array [
      Object {
        "instance": null,
        "key": undefined,
        "nodeType": "host",
        "props": Object {
          "children": Array [
            <div
              className="favorite-btn"
              onClick={[Function]}
            >
              <img
                alt="star"
                className="star"
                src="[object Object]"
              />
            </div>,
            <img
              alt="Luke"
              className="character-pic"
              src="undefined"
            />,
          ],
          "className": "image-container",
        },
        "ref": null,
        "rendered": Array [
          Object {
            "instance": null,
            "key": undefined,
            "nodeType": "host",
            "props": Object {
              "children": <img
                alt="star"
                className="star"
                src="[object Object]"
              />,
              "className": "favorite-btn",
              "onClick": [Function],
            },
            "ref": null,
            "rendered": Object {
              "instance": null,
              "key": undefined,
              "nodeType": "host",
              "props": Object {
                "alt": "star",
                "className": "star",
                "src": "[object Object]",
              },
              "ref": null,
              "rendered": null,
              "type": "img",
            },
            "type": "div",
          },
          Object {
            "instance": null,
            "key": undefined,
            "nodeType": "host",
            "props": Object {
              "alt": "Luke",
              "className": "character-pic",
              "src": "undefined",
            },
            "ref": null,
            "rendered": null,
            "type": "img",
          },
        ],
        "type": "div",
      },
      Object {
        "instance": null,
        "key": undefined,
        "nodeType": "host",
        "props": Object {
          "children": Array [
            <h4
              className="character-name"
            >
              LUKE
            </h4>,
            <ul>
              
              <li>
                <span>
                  homeworld
                </span>
                 
                Tatooine
              </li>
              <li>
                <span>
                  residents
                </span>
                 
                Leia, Lando, Dave
              </li>
              
            </ul>,
          ],
          "className": "card-info",
        },
        "ref": null,
        "rendered": Array [
          Object {
            "instance": null,
            "key": undefined,
            "nodeType": "host",
            "props": Object {
              "children": "LUKE",
              "className": "character-name",
            },
            "ref": null,
            "rendered": "LUKE",
            "type": "h4",
          },
          Object {
            "instance": null,
            "key": undefined,
            "nodeType": "host",
            "props": Object {
              "children": Array [
                "",
                <li>
                  <span>
                    homeworld
                  </span>
                   
                  Tatooine
                </li>,
                <li>
                  <span>
                    residents
                  </span>
                   
                  Leia, Lando, Dave
                </li>,
                "",
              ],
            },
            "ref": null,
            "rendered": Array [
              "",
              Object {
                "instance": null,
                "key": "1540177006514",
                "nodeType": "host",
                "props": Object {
                  "children": Array [
                    <span>
                      homeworld
                    </span>,
                    " ",
                    "Tatooine",
                  ],
                },
                "ref": null,
                "rendered": Array [
                  Object {
                    "instance": null,
                    "key": undefined,
                    "nodeType": "host",
                    "props": Object {
                      "children": "homeworld",
                    },
                    "ref": null,
                    "rendered": "homeworld",
                    "type": "span",
                  },
                  " ",
                  "Tatooine",
                ],
                "type": "li",
              },
              Object {
                "instance": null,
                "key": "1540177006515",
                "nodeType": "host",
                "props": Object {
                  "children": Array [
                    <span>
                      residents
                    </span>,
                    " ",
                    "Leia, Lando, Dave",
                  ],
                },
                "ref": null,
                "rendered": Array [
                  Object {
                    "instance": null,
                    "key": undefined,
                    "nodeType": "host",
                    "props": Object {
                      "children": "residents",
                    },
                    "ref": null,
                    "rendered": "residents",
                    "type": "span",
                  },
                  " ",
                  "Leia, Lando, Dave",
                ],
                "type": "li",
              },
              "",
            ],
            "type": "ul",
          },
        ],
        "type": "div",
      },
    ],
    "type": "div",
  },
  Symbol(enzyme.__nodes__): Array [
    Object {
      "instance": null,
      "key": undefined,
      "nodeType": "host",
      "props": Object {
        "children": Array [
          <div
            className="image-container"
          >
            <div
              className="favorite-btn"
              onClick={[Function]}
            >
              <img
                alt="star"
                className="star"
                src="[object Object]"
              />
            </div>
            <img
              alt="Luke"
              className="character-pic"
              src="undefined"
            />
          </div>,
          <div
            className="card-info"
          >
            <h4
              className="character-name"
            >
              LUKE
            </h4>
            <ul>
              
              <li>
                <span>
                  homeworld
                </span>
                 
                Tatooine
              </li>
              <li>
                <span>
                  residents
                </span>
                 
                Leia, Lando, Dave
              </li>
              
            </ul>
          </div>,
        ],
        "className": "card",
      },
      "ref": null,
      "rendered": Array [
        Object {
          "instance": null,
          "key": undefined,
          "nodeType": "host",
          "props": Object {
            "children": Array [
              <div
                className="favorite-btn"
                onClick={[Function]}
              >
                <img
                  alt="star"
                  className="star"
                  src="[object Object]"
                />
              </div>,
              <img
                alt="Luke"
                className="character-pic"
                src="undefined"
              />,
            ],
            "className": "image-container",
          },
          "ref": null,
          "rendered": Array [
            Object {
              "instance": null,
              "key": undefined,
              "nodeType": "host",
              "props": Object {
                "children": <img
                  alt="star"
                  className="star"
                  src="[object Object]"
                />,
                "className": "favorite-btn",
                "onClick": [Function],
              },
              "ref": null,
              "rendered": Object {
                "instance": null,
                "key": undefined,
                "nodeType": "host",
                "props": Object {
                  "alt": "star",
                  "className": "star",
                  "src": "[object Object]",
                },
                "ref": null,
                "rendered": null,
                "type": "img",
              },
              "type": "div",
            },
            Object {
              "instance": null,
              "key": undefined,
              "nodeType": "host",
              "props": Object {
                "alt": "Luke",
                "className": "character-pic",
                "src": "undefined",
              },
              "ref": null,
              "rendered": null,
              "type": "img",
            },
          ],
          "type": "div",
        },
        Object {
          "instance": null,
          "key": undefined,
          "nodeType": "host",
          "props": Object {
            "children": Array [
              <h4
                className="character-name"
              >
                LUKE
              </h4>,
              <ul>
                
                <li>
                  <span>
                    homeworld
                  </span>
                   
                  Tatooine
                </li>
                <li>
                  <span>
                    residents
                  </span>
                   
                  Leia, Lando, Dave
                </li>
                
              </ul>,
            ],
            "className": "card-info",
          },
          "ref": null,
          "rendered": Array [
            Object {
              "instance": null,
              "key": undefined,
              "nodeType": "host",
              "props": Object {
                "children": "LUKE",
                "className": "character-name",
              },
              "ref": null,
              "rendered": "LUKE",
              "type": "h4",
            },
            Object {
              "instance": null,
              "key": undefined,
              "nodeType": "host",
              "props": Object {
                "children": Array [
                  "",
                  <li>
                    <span>
                      homeworld
                    </span>
                     
                    Tatooine
                  </li>,
                  <li>
                    <span>
                      residents
                    </span>
                     
                    Leia, Lando, Dave
                  </li>,
                  "",
                ],
              },
              "ref": null,
              "rendered": Array [
                "",
                Object {
                  "instance": null,
                  "key": "1540177006514",
                  "nodeType": "host",
                  "props": Object {
                    "children": Array [
                      <span>
                        homeworld
                      </span>,
                      " ",
                      "Tatooine",
                    ],
                  },
                  "ref": null,
                  "rendered": Array [
                    Object {
                      "instance": null,
                      "key": undefined,
                      "nodeType": "host",
                      "props": Object {
                        "children": "homeworld",
                      },
                      "ref": null,
                      "rendered": "homeworld",
                      "type": "span",
                    },
                    " ",
                    "Tatooine",
                  ],
                  "type": "li",
                },
                Object {
                  "instance": null,
                  "key": "1540177006515",
                  "nodeType": "host",
                  "props": Object {
                    "children": Array [
                      <span>
                        residents
                      </span>,
                      " ",
                      "Leia, Lando, Dave",
                    ],
                  },
                  "ref": null,
                  "rendered": Array [
                    Object {
                      "instance": null,
                      "key": undefined,
                      "nodeType": "host",
                      "props": Object {
                        "children": "residents",
                      },
                      "ref": null,
                      "rendered": "residents",
                      "type": "span",
                    },
                    " ",
                    "Leia, Lando, Dave",
                  ],
                  "type": "li",
                },
                "",
              ],
              "type": "ul",
            },
          ],
          "type": "div",
        },
      ],
      "type": "div",
    },
  ],
  Symbol(enzyme.__options__): Object {
    "adapter": ReactSixteenAdapter {
      "options": Object {
        "enableComponentDidUpdateOnSetState": true,
        "lifecycles": Object {
          "componentDidUpdate": Object {
            "onSetState": true,
          },
          "getDerivedStateFromProps": true,
          "getSnapshotBeforeUpdate": true,
          "setState": Object {
            "skipsComponentDidUpdateOnNullish": true,
          },
        },
      },
    },
  },
}
`;
